// Jest Snapshot v1, https://goo.gl/fbAQLP

exports[`matches snapshot 1`] = `
<DocumentFragment>
  <div
    class="Georgie container"
  >
    <div
      class="row"
    >
      <div
        class="col"
      >
        <h3>
          Bonus Dog Content:
        </h3>
        <p>
          Although not a software developer, my dog Georgie is incredibly adorable and I thought that warranted having an entire page of my website dedicated to her. Enjoy some of her cutest moments:
        </p>
      </div>
    </div>
    <div
      class="row"
    >
      <div
        class="flexBox col"
        style="display: flex; flex-flow: row wrap; justify-content: center;"
      >
        <div
          class="carousel carousel slide"
        >
          <ol
            class="carousel-indicators"
          >
            <li
              class="active"
            />
            <li
              class=""
            />
            <li
              class=""
            />
            <li
              class=""
            />
            <li
              class=""
            />
            <li
              class=""
            />
            <li
              class=""
            />
          </ol>
          <div
            class="carousel-inner"
          >
            <div
              class="carouselImg carousel-item active"
            >
              <img
                alt="Georgie 1"
                src="georgie1.jpg"
              />
            </div>
            <div
              class="carouselImg carousel-item"
            >
              <img
                alt="Georgie 2"
                src="georgie2.png"
              />
            </div>
            <div
              class="carouselImg carousel-item"
            >
              <img
                alt="Georgie 3"
                src="georgie3.JPG"
              />
            </div>
            <div
              class="carouselImg carousel-item"
            >
              <img
                alt="Georgie 4"
                src="georgie4.JPG"
              />
            </div>
            <div
              class="carouselImg carousel-item"
            >
              <img
                alt="Georgie 5"
                src="georgie5.jpg"
              />
            </div>
            <div
              class="carouselImg carousel-item"
            >
              <img
                alt="Georgie 6"
                src="georgie6.jpg"
              />
            </div>
            <div
              class="carouselImg carousel-item"
            >
              <img
                alt="Georgie 7"
                src="georgie7.JPG"
              />
            </div>
          </div>
          <a
            class="carousel-control-prev"
            role="button"
            style="cursor: pointer;"
            tabindex="0"
          >
            <span
              aria-hidden="true"
              class="carousel-control-prev-icon"
            />
            <span
              class="sr-only"
            >
              Previous
            </span>
          </a>
          <a
            class="carousel-control-next"
            role="button"
            style="cursor: pointer;"
            tabindex="0"
          >
            <span
              aria-hidden="true"
              class="carousel-control-next-icon"
            />
            <span
              class="sr-only"
            >
              Next
            </span>
          </a>
        </div>
      </div>
    </div>
  </div>
</DocumentFragment>
`;
